error: duplicate query of variable `rain`
  --> tests/ui/semantic_err_02.rs:28:11
   |
28 |     query rain;
   |           ^^^^

error[E0433]: failed to resolve: use of undeclared crate or module `grass`
  --> tests/ui/semantic_err_02.rs:32:18
   |
32 |     let _model = grass::Model { grass_wet: true };
   |                  ^^^^^ use of undeclared crate or module `grass`
